
> portfolio-app@0.0.0 build
> vite build

[36mvite v5.4.21 [32mbuilding for production...[36m[39m
transforming...
[32mΓ£ô[39m 455 modules transformed.
rendering chunks...
computing gzip size...
[2mdist/[22m[32mindex.html                               [39m[1m[2m    0.71 kB[22m[1m[22m[2m Γöé gzip:   0.36 kB[22m
[2mdist/[22m[32massets/logo-CoX0S-He.png                 [39m[1m[2m   96.42 kB[22m[1m[22m
[2mdist/[22m[32massets/Dr Krushnadas-BW81J0xT.png        [39m[1m[2m  178.98 kB[22m[1m[22m
[2mdist/[22m[32massets/Doc1-qQwL36jI.png                 [39m[1m[2m  195.54 kB[22m[1m[22m
[2mdist/[22m[35massets/index-CMA9cLk8.css                [39m[1m[2m   54.87 kB[22m[1m[22m[2m Γöé gzip:   9.23 kB[22m
[2mdist/[22m[36massets/Publications-D0sIgpkt.js          [39m[1m[2m    3.71 kB[22m[1m[22m[2m Γöé gzip:   1.38 kB[22m
[2mdist/[22m[36massets/Testimonials-D0RRbrkq.js          [39m[1m[2m    4.30 kB[22m[1m[22m[2m Γöé gzip:   1.82 kB[22m
[2mdist/[22m[36massets/Procedures-DOXUSJx8.js            [39m[1m[2m    4.54 kB[22m[1m[22m[2m Γöé gzip:   1.91 kB[22m
[2mdist/[22m[36massets/Education-DNEfWsRv.js             [39m[1m[2m    6.43 kB[22m[1m[22m[2m Γöé gzip:   1.97 kB[22m
[2mdist/[22m[36massets/About-CmM3UK2-.js                 [39m[1m[2m    6.80 kB[22m[1m[22m[2m Γöé gzip:   1.92 kB[22m
[2mdist/[22m[36massets/Footer-CXm7WuI1.js                [39m[1m[2m    6.99 kB[22m[1m[22m[2m Γöé gzip:   1.87 kB[22m
[2mdist/[22m[36massets/Contact-B3kVBMTk.js               [39m[1m[2m    8.39 kB[22m[1m[22m[2m Γöé gzip:   2.62 kB[22m
[2mdist/[22m[36massets/index-Ds6_blLk.js                 [39m[1m[2m   12.38 kB[22m[1m[22m[2m Γöé gzip:   4.54 kB[22m
[2mdist/[22m[36massets/vendor-framer-motion-Ble_5KjU.js  [39m[1m[2m   31.61 kB[22m[1m[22m[2m Γöé gzip:  11.01 kB[22m
[2mdist/[22m[36massets/vendor-FTKUiFsi.js                [39m[1m[2m   97.71 kB[22m[1m[22m[2m Γöé gzip:  32.71 kB[22m
[2mdist/[22m[36massets/vendor-react-zi7ZktJQ.js          [39m[1m[33m3,358.43 kB[39m[22m[2m Γöé gzip: 898.72 kB[22m
node.exe : [33m
At line:1 char:1
+ & "C:\Program 
Files\nodejs/node.exe" "C:\Program 
Files\nodejs/node_mo ...
+ ~~~~~~~~~~~~~~~~~~~~~~~~~~~~~~~~~~
~~~~~~~~~~~~~~~~~~~~~~~~~~~~~~~~~~~
    + CategoryInfo          : NotSp 
   ecified: ([33m:String) [], Rem  
  oteException
    + FullyQualifiedErrorId : Nativ 
   eCommandError
 
(!) Some chunks are larger than 
1600 kB after minification. 
Consider:
- Using dynamic import() to 
code-split the application
- Use build.rollupOptions.output.man
ualChunks to improve chunking: https
://rollupjs.org/configuration-option
s/#output-manualchunks
- Adjust chunk size limit for this 
warning via 
build.chunkSizeWarningLimit.[39m
[32mΓ£ô built in 4.38s[39m
